// Jest Snapshot v1, https://goo.gl/fbAQLP

exports[`renders correctly 1`] = `
<div
  className="App"
>
  <NavigationBar
    brand="Video Feed"
  />
  <VideoFeedManager />
</div>
`;
