// Jest Snapshot v1, https://goo.gl/fbAQLP

exports[`renders correctly && matches snapshot 1`] = `
<div
  className="video-feed"
>
  <VideoSourceSelect
    fetchAndShowVideos={[Function]}
  />
</div>
`;
