// Jest Snapshot v1, https://goo.gl/fbAQLP

exports[`VideFeed renders correctly && matches snapshot 1`] = `
<div
  className="video-feed"
>
  ;
</div>
`;

exports[`VideFeed should display a video item feed with 1 element and match the snapshot\` 1`] = `
<VideoFeed
  items={
    Array [
      Object {
        "source": "url",
        "title": "Big Buck Bunny",
        "type": "video",
        "url": "http://commondatastorage.googleapis.com/gtv-videos-bucket/sample/BigBuckBunny.mp4",
        "views": 8820,
      },
    ]
  }
>
  <div
    className="video-feed"
  >
    <VideoItem
      item={
        Object {
          "source": "url",
          "title": "Big Buck Bunny",
          "type": "video",
          "url": "http://commondatastorage.googleapis.com/gtv-videos-bucket/sample/BigBuckBunny.mp4",
          "views": 8820,
        }
      }
      key="0"
    >
      <div
        className="video-item"
      >
        <VideoItemHeader
          title="Big Buck Bunny"
          views={8820}
        >
          <div
            className="video-item-header"
          >
            <VideoItemTitle
              className="video-item-title"
              title="Big Buck Bunny"
            >
              <div
                className="video-item-title"
              >
                Big Buck Bunny
              </div>
            </VideoItemTitle>
            <VideoItemViewsNumber
              className="video-item-views-number"
              viewsNumber={8820}
            >
              <div
                className="video-item-views-number"
              >
                Views: 8820
              </div>
            </VideoItemViewsNumber>
          </div>
        </VideoItemHeader>
        <div
          className="player-wrapper"
        >
          <ReactPlayer
            className="react-player"
            config={
              Object {
                "file": Object {
                  "attributes": Object {
                    "autoPlay": "true",
                    "muted": "true",
                  },
                },
              }
            }
            controls={false}
            height="100%"
            loop={false}
            muted={true}
            onBuffer={[Function]}
            onDuration={[Function]}
            onEnded={[Function]}
            onError={[Function]}
            onPause={[Function]}
            onPlay={[Function]}
            onProgress={[Function]}
            onReady={[Function]}
            onSeek={[Function]}
            onStart={[Function]}
            playbackRate={1}
            playing={true}
            playsinline={true}
            progressInterval={1000}
            style={Object {}}
            url="http://commondatastorage.googleapis.com/gtv-videos-bucket/sample/BigBuckBunny.mp4"
            volume={null}
            width="100%"
            wrapper="div"
          >
            <div
              className="react-player"
              style={
                Object {
                  "height": "100%",
                  "width": "100%",
                }
              }
            >
              <Player
                activePlayer={[Function]}
                className="react-player"
                config={
                  Object {
                    "dailymotion": Object {
                      "params": Object {
                        "api": 1,
                        "endscreen-enable": false,
                      },
                      "preload": false,
                    },
                    "facebook": Object {
                      "appId": "1309697205772819",
                    },
                    "file": Object {
                      "attributes": Object {
                        "autoPlay": "true",
                        "muted": "true",
                      },
                      "forceAudio": false,
                      "forceDASH": false,
                      "forceHLS": false,
                      "hlsOptions": Object {},
                      "tracks": Array [],
                    },
                    "mixcloud": Object {
                      "options": Object {
                        "hide_cover": 1,
                      },
                    },
                    "soundcloud": Object {
                      "options": Object {
                        "buying": false,
                        "download": false,
                        "liking": false,
                        "sharing": false,
                        "show_comments": false,
                        "show_playcount": false,
                        "visual": true,
                      },
                    },
                    "twitch": Object {
                      "options": Object {},
                    },
                    "vimeo": Object {
                      "playerOptions": Object {
                        "autopause": false,
                        "autoplay": false,
                        "byline": false,
                        "portrait": false,
                        "title": false,
                      },
                      "preload": false,
                    },
                    "wistia": Object {
                      "options": Object {},
                    },
                    "youtube": Object {
                      "playerVars": Object {
                        "autoplay": 0,
                        "iv_load_policy": 3,
                        "modestbranding": 1,
                        "playsinline": 1,
                        "rel": 0,
                        "showinfo": 0,
                      },
                      "preload": false,
                    },
                  }
                }
                controls={false}
                height="100%"
                key="FilePlayer"
                loop={false}
                muted={true}
                onBuffer={[Function]}
                onDuration={[Function]}
                onEnded={[Function]}
                onError={[Function]}
                onPause={[Function]}
                onPlay={[Function]}
                onProgress={[Function]}
                onReady={[Function]}
                onSeek={[Function]}
                onStart={[Function]}
                playbackRate={1}
                playing={true}
                playsinline={true}
                progressInterval={1000}
                style={Object {}}
                url="http://commondatastorage.googleapis.com/gtv-videos-bucket/sample/BigBuckBunny.mp4"
                volume={null}
                width="100%"
                wrapper="div"
              >
                <FilePlayer
                  activePlayer={[Function]}
                  className="react-player"
                  config={
                    Object {
                      "dailymotion": Object {
                        "params": Object {
                          "api": 1,
                          "endscreen-enable": false,
                        },
                        "preload": false,
                      },
                      "facebook": Object {
                        "appId": "1309697205772819",
                      },
                      "file": Object {
                        "attributes": Object {
                          "autoPlay": "true",
                          "muted": "true",
                        },
                        "forceAudio": false,
                        "forceDASH": false,
                        "forceHLS": false,
                        "hlsOptions": Object {},
                        "tracks": Array [],
                      },
                      "mixcloud": Object {
                        "options": Object {
                          "hide_cover": 1,
                        },
                      },
                      "soundcloud": Object {
                        "options": Object {
                          "buying": false,
                          "download": false,
                          "liking": false,
                          "sharing": false,
                          "show_comments": false,
                          "show_playcount": false,
                          "visual": true,
                        },
                      },
                      "twitch": Object {
                        "options": Object {},
                      },
                      "vimeo": Object {
                        "playerOptions": Object {
                          "autopause": false,
                          "autoplay": false,
                          "byline": false,
                          "portrait": false,
                          "title": false,
                        },
                        "preload": false,
                      },
                      "wistia": Object {
                        "options": Object {},
                      },
                      "youtube": Object {
                        "playerVars": Object {
                          "autoplay": 0,
                          "iv_load_policy": 3,
                          "modestbranding": 1,
                          "playsinline": 1,
                          "rel": 0,
                          "showinfo": 0,
                        },
                        "preload": false,
                      },
                    }
                  }
                  controls={false}
                  height="100%"
                  loop={false}
                  muted={true}
                  onBuffer={[Function]}
                  onDuration={[Function]}
                  onEnded={[Function]}
                  onError={[Function]}
                  onPause={[Function]}
                  onPlay={[Function]}
                  onProgress={[Function]}
                  onReady={[Function]}
                  onSeek={[Function]}
                  onStart={[Function]}
                  playbackRate={1}
                  playing={true}
                  playsinline={true}
                  progressInterval={1000}
                  style={Object {}}
                  url="http://commondatastorage.googleapis.com/gtv-videos-bucket/sample/BigBuckBunny.mp4"
                  volume={null}
                  width="100%"
                  wrapper="div"
                >
                  <video
                    autoPlay="true"
                    controls={false}
                    loop={false}
                    muted="true"
                    preload="auto"
                    src="http://commondatastorage.googleapis.com/gtv-videos-bucket/sample/BigBuckBunny.mp4"
                    style={
                      Object {
                        "height": "100%",
                        "width": "100%",
                      }
                    }
                  />
                </FilePlayer>
              </Player>
            </div>
          </ReactPlayer>
        </div>
      </div>
    </VideoItem>
    ;
  </div>
</VideoFeed>
`;
